// Jest Snapshot v1, https://goo.gl/fbAQLP

exports[`matches snapshot 1`] = `
<div
  className="todo-button"
>
  <button
    data-testid="button"
    disabled={true}
    onClick={[Function]}
  >
    create Todo
  </button>
</div>
`;
